# serializer version: 1
# name: TestAzureMistralAIStandard.test_serdes[serialized]
  dict({
    'id': list([
      'langchain_mistralai',
      'chat_models',
      'azure',
      'AzureChatMistralAI',
    ]),
    'kwargs': dict({
      'azure_endpoint': 'https://test.azure.com',
      'endpoint': 'https://test.azure.com',
      'max_concurrent_requests': 64,
      'max_retries': 2,
      'max_tokens': 100,
      'mistral_api_key': dict({
        'id': list([
          'MISTRAL_API_KEY',
        ]),
        'lc': 1,
        'type': 'secret',
      }),
      'model': 'mistral-small',
      'temperature': 0.0,
      'timeout': 60,
      'top_p': 1,
    }),
    'lc': 1,
    'name': 'AzureChatMistralAI',
    'type': 'constructor',
  })
# ---
